// Jest Snapshot v1, https://goo.gl/fbAQLP

exports[`should take a snapshot 1`] = `
<DocumentFragment>
  <div
    class="App--Container"
  >
    Welcome to React Boilerplate!
  </div>
</DocumentFragment>
`;
